[I 06/08/26 13:07:36.745 2384620] [misc.py:init@447] Following TI_ARCH setting up for arch=cuda
[Taichi] version 1.7.4, llvm 15.0.4, commit b4b956fd, linux, python 3.10.20
[Taichi] Starting on arch=cuda
[framework] Taichi backend: Arch.cuda (from TI_ARCH)
[benchmark] apic scene=dam_break out=/mnt/home/jjian/workplace/qz/FluidSim/output/benchmark_efficiency/raw/job_808/rep_1/apic/dam_break

=================================================================
[run] Scene: dam_break  |  flip_ratio: 0.97  |  Frames: 300  |  Sub-steps: 2
[run] Grid: 80x100x80  |  DX: 0.0100  |  PPC: 3^3=27/cell  |  dt: 0.008333
[run] Output: /mnt/home/jjian/workplace/qz/FluidSim/output/benchmark_efficiency/raw/job_808/rep_1/apic/dam_break
=================================================================
[setup] Dam Break 3D: block 13x75x78 cells -> 2053350 particles
  Frame    0/300  t=0.02s  E_k=0.8333  dt=1386ms  N=2053350
  Frame   10/300  t=0.18s  E_k=36.7913  dt=51ms  N=2053350
  Frame   20/300  t=0.35s  E_k=37.0839  dt=33ms  N=2053350
  Frame   30/300  t=0.52s  E_k=33.6785  dt=36ms  N=2053350
  Frame   40/300  t=0.68s  E_k=24.9960  dt=33ms  N=2053350
  Frame   50/300  t=0.85s  E_k=9.8020  dt=44ms  N=2053350
  Frame   60/300  t=1.02s  E_k=2.5040  dt=43ms  N=2053350
  Frame   70/300  t=1.18s  E_k=5.8262  dt=44ms  N=2053350
  Frame   80/300  t=1.35s  E_k=5.8050  dt=41ms  N=2053350
  Frame   90/300  t=1.52s  E_k=7.3839  dt=37ms  N=2053350
  Frame  100/300  t=1.68s  E_k=1.6147  dt=37ms  N=2053350
  Frame  110/300  t=1.85s  E_k=0.9721  dt=37ms  N=2053350
  Frame  120/300  t=2.02s  E_k=1.2701  dt=38ms  N=2053350
  Frame  130/300  t=2.18s  E_k=1.4493  dt=35ms  N=2053350
  Frame  140/300  t=2.35s  E_k=1.2267  dt=35ms  N=2053350
  Frame  150/300  t=2.52s  E_k=1.1165  dt=34ms  N=2053350
  Frame  160/300  t=2.68s  E_k=0.2216  dt=36ms  N=2053350
  Frame  170/300  t=2.85s  E_k=0.6213  dt=35ms  N=2053350
  Frame  180/300  t=3.02s  E_k=0.3634  dt=33ms  N=2053350
  Frame  190/300  t=3.18s  E_k=0.4743  dt=33ms  N=2053350
  Frame  200/300  t=3.35s  E_k=0.2820  dt=36ms  N=2053350
  Frame  210/300  t=3.52s  E_k=0.0541  dt=35ms  N=2053350
  Frame  220/300  t=3.68s  E_k=0.1598  dt=33ms  N=2053350
  Frame  230/300  t=3.85s  E_k=0.1793  dt=30ms  N=2053350
  Frame  240/300  t=4.02s  E_k=0.1153  dt=30ms  N=2053350
  Frame  250/300  t=4.18s  E_k=0.0886  dt=29ms  N=2053350
  Frame  260/300  t=4.35s  E_k=0.0416  dt=32ms  N=2053350
  Frame  270/300  t=4.52s  E_k=0.0203  dt=31ms  N=2053350
  Frame  280/300  t=4.68s  E_k=0.0152  dt=25ms  N=2053350
  Frame  290/300  t=4.85s  E_k=0.0099  dt=17ms  N=2053350

[ffmpeg] Compiling dam_break video...
[ffmpeg] Video saved: /mnt/home/jjian/workplace/qz/FluidSim/output/benchmark_efficiency/raw/job_808/rep_1/apic/dam_break/dam_break.mp4
[benchmark] apic scene=liquid_pouring out=/mnt/home/jjian/workplace/qz/FluidSim/output/benchmark_efficiency/raw/job_808/rep_1/apic/liquid_pouring

=================================================================
[run] Scene: liquid_pouring  |  flip_ratio: 0.97  |  Frames: 300  |  Sub-steps: 2
[run] Grid: 80x100x80  |  DX: 0.0100  |  PPC: 3^3=27/cell  |  dt: 0.008333
[run] Output: /mnt/home/jjian/workplace/qz/FluidSim/output/benchmark_efficiency/raw/job_808/rep_1/apic/liquid_pouring
=================================================================
[setup] Liquid Pouring 3D: inflow stream + obstacle
[setup] Obstacle cells: 8000
  Frame    0/300  t=0.02s  E_k=0.0432  dt=47ms  N=2000
  Frame   10/300  t=0.18s  E_k=0.4752  dt=7ms  N=22000
  Frame   20/300  t=0.35s  E_k=0.9072  dt=7ms  N=42000
  Frame   30/300  t=0.52s  E_k=1.3302  dt=8ms  N=62000
  Frame   40/300  t=0.68s  E_k=1.6255  dt=14ms  N=82000
  Frame   50/300  t=0.85s  E_k=2.0320  dt=14ms  N=102000
  Frame   60/300  t=1.02s  E_k=2.3122  dt=14ms  N=122000
  Frame   70/300  t=1.18s  E_k=2.3489  dt=14ms  N=142000
  Frame   80/300  t=1.35s  E_k=2.3586  dt=14ms  N=162000
  Frame   90/300  t=1.52s  E_k=2.3594  dt=14ms  N=182000
  Frame  100/300  t=1.68s  E_k=2.3589  dt=14ms  N=202000
  Frame  110/300  t=1.85s  E_k=2.3621  dt=14ms  N=222000
  Frame  120/300  t=2.02s  E_k=2.3581  dt=14ms  N=242000
  Frame  130/300  t=2.18s  E_k=2.3588  dt=14ms  N=262000
  Frame  140/300  t=2.35s  E_k=2.3598  dt=15ms  N=282000
  Frame  150/300  t=2.52s  E_k=2.3594  dt=15ms  N=302000
  Frame  160/300  t=2.68s  E_k=2.3583  dt=15ms  N=322000
  Frame  170/300  t=2.85s  E_k=2.3594  dt=15ms  N=342000
  Frame  180/300  t=3.02s  E_k=2.3594  dt=15ms  N=362000
  Frame  190/300  t=3.18s  E_k=2.3543  dt=15ms  N=382000
  Frame  200/300  t=3.35s  E_k=2.3590  dt=15ms  N=402000
  Frame  210/300  t=3.52s  E_k=2.3575  dt=16ms  N=422000
  Frame  220/300  t=3.68s  E_k=2.3548  dt=16ms  N=442000
  Frame  230/300  t=3.85s  E_k=2.3451  dt=16ms  N=462000
  Frame  240/300  t=4.02s  E_k=2.3477  dt=16ms  N=482000
  Frame  250/300  t=4.18s  E_k=2.3527  dt=16ms  N=502000
  Frame  260/300  t=4.35s  E_k=2.3488  dt=16ms  N=522000
  Frame  270/300  t=4.52s  E_k=2.3466  dt=16ms  N=542000
  Frame  280/300  t=4.68s  E_k=2.3458  dt=17ms  N=562000
  Frame  290/300  t=4.85s  E_k=2.3396  dt=16ms  N=582000

[ffmpeg] Compiling liquid_pouring video...
[ffmpeg] Video saved: /mnt/home/jjian/workplace/qz/FluidSim/output/benchmark_efficiency/raw/job_808/rep_1/apic/liquid_pouring/liquid_pouring.mp4
